Errors that caused by usage (build with -D_NETBSD_SOURCE -lpthread -lrt -lm and disable compiler warnings and use current) 
struct rlimit (inlcude sys/resource.h)
setpgrp (netbsd needs to pass 2 parameters, but other systems, like like linux does not)
struct sigaction sa (include signal.h)
sigfillset(&sa.sa_mask) (include signal.h)
sigaction(include signal.h) 
SIGBUS (include signal.h)
sigfillset (include signal.h)
SIGSEGV (include signal.h)
PTHREAD_ONCE_INIT (need force the type to be pthread_once_t)
cpu_set_t (netbsd has its own implementation)
CPU_ZERO (netbsd has its own implementation)
CPU_SETSIZE (netbsd has its own implementation)
sched_setaffinity (netbsd has its own implementation)
pthread_setaffinity_np (caused by wrong parameters passed in, convert parameter to be netbsd specific)
features.h (no features.h, actually netbsd does not need this file to be correct, just removed)
SIGNAL (depends on macro which is not defined)
SIG_INVALID (depends on macro which is not defined)
SIGTOTEST  (depends on macro which is not defined)


Errors that caused by feature missing

DONE:
signals:
  SIGRTMIN (done, should wait for realtime signals to be done)
  SIGRTMAX (done, should wait for realtime signals to be done) 
  bsd_signal (done)

semaphore 
  _SC_SEM_NSEMS_MAX  (done)

pthreads: 
  pthread_condattr_getclock (done, need to send for review)
  pthread_barrierattr_getpshared  (done, but need to provide cross process sync)
  pthread_barrierattr_setpshared  (done)
  pthread_mutexattr_setpshared  (done)
  pthread_mutexattr_getpshared  (done)
  pthread_condattr_setpshared (done)
  pthread_condattr_getpshared (done)
  pthread_rwlockattr_getpshared (done)
  pthread_rwlockattr_setpshared  (done)

  PTHREAD_PRIO_INHERIT  (done)
  PTHREAD_PRIO_NONE   (done)
  PTHREAD_PRIO_PROTECT  (done)
  pthread_mutexattr_getprioceiling  (done)
  pthread_mutexattr_setprioceiling  (done) 
  pthread_mutexattr_getprotocol (done)
  pthread_mutexattr_setprotocol  (done)
  pthread_mutex_getprioceiling  (done)
  pthread_mutex_timedlock (done)


NOT DONE:
timers:
   _SC_CPUTIME  (freebsd, 200112L set to be, _POSIX_CPUTIME)
   _SC_THREAD_CPUTIME (freebsd, 200112L set to be, _POSIX_THREAD_CPUTIME)  
   _SC_DELAYTIMER_MAX (freebsd, called from sysctl)

scheduler:
    SCHED_SPORADIC (linux)

signals:
    SIGPOLL (freebsd)
    _SC_REALTIME_SIGNALS (freebsd, called from sysctl?)
    _SC_SIGQUEUE_MAX  (freebsd, called from sysctl?)  

mmap:
    POSIX_TYPED_MEM_ALLOCATE  (linux)
    POSIX_TYPED_MEM_ALLOCATE_CONTIG (linux) 
    POSIX_TYPED_MEM_MAP_ALLOCATABLE (linux)
    struct posix_typed_mem_info (linux)
    posix_mem_offset (linux)
    posix_typed_mem_get_info (linux)
    posix_typed_mem_open (linux)

pthread
   PTHREAD_STACK_MIN  (freebsd)


